// Jest Snapshot v1, https://goo.gl/fbAQLP

exports[`Render Personal Info Component Test Cases Render Component 1`] = `ShallowWrapper {}`;
